[ielts-up.com/index.html]
[backblue.gif]
[fade.gif]
[index.html]
[ielts-up.com/ipad.css]
[ielts-up.com/style.css]
[ielts-up.com/ielts-writing-correction.html]
[ielts-up.com/writing/ielts-vocabulary-writing.html]
[ielts-up.com/speaking/ielts-vocabulary-speaking.html]
[ielts-up.com/ielts-score-maximizer.html]
[ielts-up.com/listening/ielts-listening-practice.html]
[ielts-up.com/reading/ielts-reading-practice.html]
[ielts-up.com/writing/ielts-writing-practice.html]
[ielts-up.com/speaking/ielts-speaking-practice.html]
[ielts-up.com/ielts-speaking-simulator.html]
[ielts-up.com/images/home-img.png]
[ielts-up.com/listening/ielts-listening-test.html]
[ielts-up.com/listening/ielts-listening-tips.html]
[ielts-up.com/reading/ielts-reading-test.html]
[ielts-up.com/reading/ielts-reading-tips.html]
[ielts-up.com/writing/ielts-writing-test.html]
[ielts-up.com/writing/ielts-academic-task-1.html]
[ielts-up.com/writing/ielts-general-task-1.html]
[ielts-up.com/writing/ielts-essay.html]
[ielts-up.com/writing/ielts-writing-tips.html]
[ielts-up.com/speaking/ielts-speaking-test.html]
[ielts-up.com/speaking/ielts-speaking-tips.html]
[ielts-up.com/exercises/free-ielts-exercises.html]
[ielts-up.com/exercises/ielts-listening-exercises.html]
[ielts-up.com/exercises/ielts-reading-exercises.html]
[ielts-up.com/exercises/ielts-writing-exercises.html]
[ielts-up.com/exercises/ielts-speaking-exercises.html]
[ielts-up.com/subscribe.html]
[pagead2.googlesyndication.com/pagead/js/f.txt]
[ielts-up.com/trial-ielts-exam.html]
[ielts-up.com/why-take-ielts.html]
[ielts-up.com/images/cert_big.png]
[ielts-up.com/images/ieltsscoring.png]
[connect.facebook.net/en_US/sdk.js]
[apis.google.com/js/plusone.js]
[ielts-up.com/contacts.html]
[ielts-up.com/project.html]
[ielts-up.com/index.html]
[ielts-up.com/images/header2.png]
[ielts-up.com/images/bookmark1mob.png]
[ielts-up.com/images/bookmark2mob.png]
[ielts-up.com/images/bookmark3mob.png]
[ielts-up.com/images/bookmark4mob.png]
[ielts-up.com/images/bookmark5mob.png]
[ielts-up.com/ipad.css]
[ielts-up.com/images/bookmark1.png]
[ielts-up.com/images/bookmark2.png]
[ielts-up.com/images/bookmark3.png]
[ielts-up.com/images/bookmark4.png]
[ielts-up.com/images/bookmark5.png]
[ielts-up.com/style.css]
[ielts-up.com/index-2.html]
[ielts-up.com/writing/task-2-questions.html]
[ielts-up.com/images/correction.pdf]
[ielts-up.com/ielts-writing-correction.html]
[ielts-up.com/writing/ielts-linking-words.html]
[ielts-up.com/writing/ielts-essay-vocabulary.html]
[ielts-up.com/writing/letter-vocabulary.html]
[ielts-up.com/writing/ielts-academic-wordlist.html]
[ielts-up.com/writing/ielts-vocabulary-writing.html]
[ielts-up.com/writing/ielts-describing-graphs.html]
[ielts-up.com/speaking/ielts-speaking-vocabulary-1.html]
[ielts-up.com/speaking/ielts-speaking-vocabulary-3.html]
[ielts-up.com/speaking/ielts-speaking-vocabulary-4.html]
[ielts-up.com/speaking/ielts-speaking-vocabulary-2.html]
[ielts-up.com/speaking/ielts-speaking-vocabulary-5.html]
[ielts-up.com/speaking/ielts-speaking-vocabulary-6.html]
[ielts-up.com/speaking/ielts-speaking-vocabulary-weather.html]
[ielts-up.com/speaking/ielts-speaking-vocabulary-environment.html]
[ielts-up.com/speaking/vocabulary-music.html]
[ielts-up.com/speaking/vocabulary-books-films.html]
[ielts-up.com/speaking/vocabulary-health.html]
[ielts-up.com/speaking/ielts-vocabulary-speaking.html]
[ielts-up.com/ielts-score-maximizer.html]
[ielts-up.com/listening/ielts-listening-sample-5.1.html]
[ielts-up.com/images/arrow3.png]
[ielts-up.com/listening/ielts-listening-sample-5.2.html]
[ielts-up.com/listening/ielts-listening-sample-5.3.html]
[ielts-up.com/listening/ielts-listening-sample-5.4.html]
[ielts-up.com/listening/ielts-listening-sample-6.1.html]
[ielts-up.com/listening/ielts-listening-sample-6.2.html]
[ielts-up.com/listening/ielts-listening-sample-6.3.html]
[ielts-up.com/listening/ielts-listening-sample-6.4.html]
[ielts-up.com/listening/ielts-listening-sample-7.1.html]
[ielts-up.com/listening/ielts-listening-sample-7.2.html]
[ielts-up.com/listening/ielts-listening-sample-7.3.html]
[ielts-up.com/listening/ielts-listening-sample-7.4.html]
[ielts-up.com/listening/ielts-listening-sample-8.1.html]
[ielts-up.com/listening/ielts-listening-sample-8.2.html]
[ielts-up.com/listening/ielts-listening-sample-8.3.html]
[ielts-up.com/listening/ielts-listening-sample-8.4.html]
[ielts-up.com/listening/ielts-listening-sample-9.1.html]
[ielts-up.com/listening/ielts-listening-sample-9.2.html]
[ielts-up.com/listening/ielts-listening-sample-9.3.html]
[ielts-up.com/listening/ielts-listening-sample-9.4.html]
[ielts-up.com/listening/ielts-listening-sample-10.1.html]
[ielts-up.com/listening/ielts-listening-sample-10.2.html]
[ielts-up.com/listening/ielts-listening-sample-10.3.html]
[ielts-up.com/listening/ielts-listening-sample-10.4.html]
[ielts-up.com/listening/ielts-listening-sample-11.1.html]
[ielts-up.com/listening/ielts-listening-sample-11.2.html]
[ielts-up.com/listening/ielts-listening-sample-11.3.html]
[ielts-up.com/listening/ielts-listening-sample-11.4.html]
[ielts-up.com/listening/ielts-listening-sample-12.1.html]
[ielts-up.com/listening/ielts-listening-sample-12.2.html]
[ielts-up.com/listening/ielts-listening-sample-12.3.html]
[ielts-up.com/listening/ielts-listening-sample-12.4.html]
[ielts-up.com/listening/ielts-listening-sample-13.1.html]
[ielts-up.com/listening/ielts-listening-sample-13.2.html]
[ielts-up.com/listening/ielts-listening-sample-13.3.html]
[ielts-up.com/listening/ielts-listening-sample-13.4.html]
[ielts-up.com/listening/ielts-listening-sample-14.1.html]
[ielts-up.com/listening/ielts-listening-sample-14.2.html]
[ielts-up.com/listening/ielts-listening-sample-14.3.html]
[ielts-up.com/listening/ielts-listening-sample-14.4.html]
[ielts-up.com/listening/ielts-listening-practice.html]
[ielts-up.com/images/thumbnail.jpg]
[ielts-up.com/reading/academic-reading-sample-1.1.html]
[ielts-up.com/images/arrow.png]
[ielts-up.com/reading/academic-reading-sample-1.2.html]
[ielts-up.com/reading/academic-reading-sample-1.3.html]
[ielts-up.com/reading/academic-reading-sample-2.1.html]
[ielts-up.com/reading/academic-reading-sample-2.2.html]
[ielts-up.com/reading/academic-reading-sample-2.3.html]
[ielts-up.com/reading/academic-reading-sample-3.1.html]
[ielts-up.com/reading/academic-reading-sample-3.2.html]
[ielts-up.com/reading/academic-reading-sample-3.3.html]
[ielts-up.com/reading/academic-reading-sample-4.1.html]
[ielts-up.com/reading/academic-reading-sample-4.2.html]
[ielts-up.com/reading/academic-reading-sample-4.3.html]
[ielts-up.com/reading/academic-reading-sample-5.1.html]
[ielts-up.com/reading/academic-reading-sample-5.2.html]
[ielts-up.com/reading/academic-reading-sample-5.3.html]
[ielts-up.com/reading/academic-reading-sample-6.1.html]
[ielts-up.com/reading/academic-reading-sample-6.2.html]
[ielts-up.com/reading/academic-reading-sample-6.3.html]
[ielts-up.com/reading/academic-reading-sample-7.1.html]
[ielts-up.com/reading/academic-reading-sample-7.2.html]
[ielts-up.com/reading/academic-reading-sample-7.3.html]
[ielts-up.com/reading/academic-reading-sample-8.1.html]
[ielts-up.com/reading/academic-reading-sample-8.2.html]
[ielts-up.com/reading/academic-reading-sample-8.3.html]
[ielts-up.com/reading/academic-reading-sample-9.1.html]
[ielts-up.com/reading/academic-reading-sample-9.2.html]
[ielts-up.com/reading/academic-reading-sample-9.3.html]
[ielts-up.com/reading/academic-reading-sample-10.1.html]
[ielts-up.com/reading/academic-reading-sample-10.2.html]
[ielts-up.com/reading/academic-reading-sample-10.3.html]
[ielts-up.com/reading/academic-reading-sample-11.1.html]
[ielts-up.com/reading/academic-reading-sample-11.2.html]
[ielts-up.com/reading/academic-reading-sample-11.3.html]
[ielts-up.com/reading/general-reading-sample-1.1.html]
[ielts-up.com/images/arrow2.png]
[ielts-up.com/reading/general-reading-sample-1.2.html]
[ielts-up.com/reading/general-reading-sample-1.3.html]
[ielts-up.com/reading/general-reading-sample-2.1.html]
[ielts-up.com/reading/general-reading-sample-2.2.html]
[ielts-up.com/reading/ielts-reading-practice.html]
[ielts-up.com/reading/general-reading-sample-2.3.html]
[ielts-up.com/writing/academic-writing-sample-1.html]
[ielts-up.com/writing/academic-writing-sample-2.html]
[ielts-up.com/images/right.png]
[ielts-up.com/writing/ielts-essay-sample-1.html]
[ielts-up.com/writing/general-writing-sample-1.html]
[ielts-up.com/writing/general-writing-sample-2.html]
[ielts-up.com/writing/ielts-writing-practice.html]
[ielts-up.com/speaking/ielts-speaking-sample-1.html]
[ielts-up.com/speaking/ielts-speaking-sample-2.html]
[ielts-up.com/speaking/ielts-speaking-sample-3.html]
[ielts-up.com/speaking/ielts-speaking-sample-4.html]
[ielts-up.com/speaking/ielts-speaking-sample-5.html]
[ielts-up.com/speaking/ielts-speaking-sample-6.html]
[ielts-up.com/speaking/ielts-speaking-sample-weather.html]
[ielts-up.com/speaking/ielts-speaking-sample-environment.html]
[ielts-up.com/speaking/sample-music.html]
[ielts-up.com/speaking/sample-books-films.html]
[ielts-up.com/speaking/sample-health.html]
[ielts-up.com/ielts-speaking-by-skype.html]
[ielts-up.com/speaking/ielts-speaking-practice.html]
[ielts-up.com/js/recorder.js]
[ielts-up.com/js/Fr.voice.js]
[ielts-up.com/js/jquery.js]
[ielts-up.com/js/record.js]
[ielts-up.com/images/show.png]
[ielts-up.com/images/close.png]
[ielts-up.com/ielts-speaking-simulator.html]
[ielts-up.com/images/listening1.png]
[ielts-up.com/images/ex.png]
[ielts-up.com/images/tips.png]
[ielts-up.com/images/listening-section-1.png]
[ielts-up.com/images/listening-section-2.png]
[ielts-up.com/images/listening-section-3.png]
[ielts-up.com/images/listening-section-4.png]
[ielts-up.com/listening/ielts-listening-test.html]
[ielts-up.com/images/improve-listening-skills.png]
[ielts-up.com/images/plug-in-situation.png]
[ielts-up.com/images/words-indicators.png]
[ielts-up.com/images/transfer-answers.jpg]
[ielts-up.com/listening/ielts-listening-tips.html]
[ielts-up.com/images/reading.png]
[ielts-up.com/reading/multiple-choice-lesson.html]
[ielts-up.com/reading/true-false-not-given-lesson.html]
[ielts-up.com/reading/short-answer-questions-lesson.html]
[ielts-up.com/reading/sentence-completion-lesson.html]
[ielts-up.com/reading/diagram-completion-lesson.html]
[ielts-up.com/reading/matching-paragraphs-lesson.html]
[ielts-up.com/reading/skimming-scanning.html]
[ielts-up.com/reading/ielts-reading-test.html]
[ielts-up.com/reading/classification-questions-lesson.html]
[ielts-up.com/images/watch-time.jpg]
[ielts-up.com/images/underline.png]
[ielts-up.com/images/highlight.png]
[ielts-up.com/images/multiple-choice-tips.png]
[ielts-up.com/reading/ielts-reading-tips.html]
[ielts-up.com/writing/ielts-writing-marking.html]
[ielts-up.com/images/card-tip.png]
[ielts-up.com/images/task1.png]
[ielts-up.com/writing/ielts-writing-test.html]
[ielts-up.com/writing/academic-writing-sample-3.html]
[ielts-up.com/writing/academic-writing-sample-4.html]
[ielts-up.com/images/task1.1.png]
[ielts-up.com/writing/ielts-academic-task-1.html]
[ielts-up.com/writing/ielts-general-task-1.html]
[ielts-up.com/writing/ielts-essay-sample-2.html]
[ielts-up.com/writing/band-9-sample-death-penalty.html]
[ielts-up.com/writing/causes-solutions-essay.html]
[ielts-up.com/writing/task-1-answer.html]
[ielts-up.com/writing/cause-effect-essay.html]
[ielts-up.com/writing/agree-disagree-essay.html]
[ielts-up.com/writing/problem-solution-essay.html]
[ielts-up.com/writing/band-9-sample-immigration.html]
[ielts-up.com/images/essay-writing.jpg]
[ielts-up.com/writing/ielts-essay.html]
[ielts-up.com/images/write-sports.png]
[ielts-up.com/images/too-many-words.gif]
[ielts-up.com/images/clear-writing.jpg]
[ielts-up.com/writing/ielts-writing-tips.html]
[ielts-up.com/images/speaking.png]
[ielts-up.com/images/vocab.png]
[ielts-up.com/speaking/ielts-speaking-marking.html]
[ielts-up.com/speaking/ielts-speaking-test.html]
[ielts-up.com/images/fluency.jpg]
[ielts-up.com/images/powerful-speech.jpg]
[ielts-up.com/images/arguments.png]
[ielts-up.com/images/first-impression.jpg]
[ielts-up.com/speaking/ielts-speaking-tips.html]
[ielts-up.com/exercises/free-ielts-exercises.html]
[ielts-up.com/listening/lesson-attention-and-distraction.html]
[ielts-up.com/listening/lesson-training-attention.html]
[ielts-up.com/listening/lesson-multiple-choice.html]
[ielts-up.com/listening/listening-exercise-1.html]
[ielts-up.com/listening/listening-exercise-2.html]
[ielts-up.com/listening/listening-exercise-3.html]
[ielts-up.com/listening/listening-exercise-4.html]
[ielts-up.com/listening/listening-exercise-5.html]
[ielts-up.com/listening/listening-exercise-6.html]
[ielts-up.com/listening/short-answer-1.html]
[ielts-up.com/listening/short-answer-2.html]
[ielts-up.com/listening/short-answer-3.html]
[ielts-up.com/listening/multiple-choice.html]
[ielts-up.com/listening/multiple-choice-2.html]
[ielts-up.com/exercises/ielts-listening-exercises.html]
[ielts-up.com/reading/true-false-not-given-1.html]
[ielts-up.com/reading/true-false-not-given-2.html]
[ielts-up.com/reading/true-false-not-given-3.html]
[ielts-up.com/reading/multiple-choice-1.html]
[ielts-up.com/reading/multiple-choice-2.html]
[ielts-up.com/reading/multiple-choice-3.html]
[ielts-up.com/reading/sentence-completion-1.html]
[ielts-up.com/reading/sentence-completion-2.html]
[ielts-up.com/reading/sentence-completion-3.html]
[ielts-up.com/reading/sentence-completion-4.html]
[ielts-up.com/reading/matching-headings-1.html]
[ielts-up.com/reading/matching-headings-2.html]
[ielts-up.com/reading/matching-headings-3.html]
[ielts-up.com/reading/short-answer-1.html]
[ielts-up.com/reading/short-answer-2.html]
[ielts-up.com/reading/classification-exercise.html]
[ielts-up.com/reading/classification-questions-practice.html]
[ielts-up.com/reading/diagram-completion-1.html]
[ielts-up.com/reading/diagram-completion-practice.html]
[ielts-up.com/reading/diagram-completion.html]
[ielts-up.com/reading/scanning-exercise.html]
[ielts-up.com/reading/scanning-exercise-2.html]
[ielts-up.com/exercises/ielts-reading-exercises.html]
[ielts-up.com/writing/grammar-lesson-1.html]
[ielts-up.com/writing/grammar-lesson-2.html]
[ielts-up.com/writing/grammar-lesson-3.html]
[ielts-up.com/writing/grammar-lesson-4.html]
[ielts-up.com/writing/grammar-lesson-5.html]
[ielts-up.com/writing/grammar-lesson-6.html]
[ielts-up.com/writing/grammar-lesson-7.html]
[ielts-up.com/writing/grammar-lesson-8.html]
[ielts-up.com/writing/grammar-lesson-and-but-or.html]
[ielts-up.com/writing/grammar-lesson-prepositions.html]
[ielts-up.com/writing/grammar-lesson-prepositions-2.html]
[ielts-up.com/writing/grammar-lesson-modal-verbs.html]
[ielts-up.com/writing/grammar-lesson-gerund-infinitive.html]
[ielts-up.com/writing/grammar-lesson-gerund-infinitive-changes-meaning.html]
[ielts-up.com/writing/grammar-lesson-passive-voice.html]
[ielts-up.com/writing/ielts-writing-exercise-1.html]
[ielts-up.com/writing/ielts-writing-exercise-2.html]
[ielts-up.com/writing/ielts-writing-exercise-3.html]
[ielts-up.com/writing/ielts-writing-exercise-4.html]
[ielts-up.com/writing/ielts-writing-exercise-5.html]
[ielts-up.com/writing/ielts-writing-exercise-6.html]
[ielts-up.com/writing/ielts-writing-exercise-7.html]
[ielts-up.com/writing/ielts-writing-exercise-8.html]
[ielts-up.com/writing/ielts-writing-exercise-9.html]
[ielts-up.com/writing/academic-task-1-lesson-introduction.html]
[ielts-up.com/writing/bar-chart.html]
[ielts-up.com/writing/task-1-diagram.html]
[ielts-up.com/writing/pie-chart.html]
[ielts-up.com/writing/to-what-extent-agree-disagree-essay.html]
[ielts-up.com/writing/advantages-disadvantages-essay.html]
[ielts-up.com/writing/discuss-both-views-essay.html]
[ielts-up.com/writing/give_opinion_support_with_examples_ielts_task_2.html]
[ielts-up.com/exercises/ielts-writing-exercises.html]
[ielts-up.com/speaking/lesson-structure-procedure.html]
[ielts-up.com/speaking/lesson-part-1.html]
[ielts-up.com/speaking/lesson-relevant-answer.html]
[ielts-up.com/speaking/purpose-structure.html]
[ielts-up.com/speaking/grading-criteria-exercise.html]
[ielts-up.com/speaking/relevant-answer.html]
[ielts-up.com/exercises/ielts-speaking-exercises.html]
[ielts-up.com/subscribe.html]
[ielts-up.com/images/arrow4.png]
[ielts-up.com/trial-ielts-exam.html]
[ielts-up.com/why-take-ielts.html]
[connect.facebook.net/en_US/sdk.js]
[ielts-up.com/contacts.html]
[ielts-up.com/project.html]
[ielts-up.com/writing/task-2-art-questions.html]
[ielts-up.com/writing/task-2-education-questions.html]
[ielts-up.com/writing/task-2-environment-questions.html]
[ielts-up.com/writing/task-2-friends-family-questions.html]
[ielts-up.com/writing/task-2-government-society-questions.html]
[ielts-up.com/writing/task-2-health-questions.html]
[ielts-up.com/writing/task-2-jobs-employment-questions.html]
[ielts-up.com/writing/task-2-relationship-questions.html]
[ielts-up.com/writing/task-2-science-technology-questions.html]
[ielts-up.com/writing/task-2-sport-questions.html]
[ielts-up.com/writing/task-2-travel-tourism-questions.html]
[ielts-up.com/writing/task-2-television-media-questions.html]
[ielts-up.com/writing/task-2-questions.html]
[ielts-up.com/writing/ielts-linking-words.html]
[ielts-up.com/writing/ielts-essay-vocabulary.html]
[ielts-up.com/images/sharp.png]
[ielts-up.com/images/fall.png]
[ielts-up.com/images/fluctuating.png]
[ielts-up.com/images/slight.png]
[ielts-up.com/writing/ielts-describing-graphs.html]
[ielts-up.com/writing/letter-vocabulary.html]
[ielts-up.com/academic-wordlist.pdf]
[ielts-up.com/writing/ielts-academic-wordlist.html]
[ielts-up.com/speaking/ielts-speaking-vocabulary-1.html]
[ielts-up.com/speaking/ielts-speaking-vocabulary-2.html]
[ielts-up.com/speaking/ielts-speaking-vocabulary-3.html]
[ielts-up.com/images/barbell.jpg]
[ielts-up.com/images/treadmill.jpg]
[ielts-up.com/images/fencing.jpg]
[ielts-up.com/images/hurdles.jpg]
[ielts-up.com/images/javelin.jpg]
[ielts-up.com/images/polevault.jpg]
[ielts-up.com/images/steeplechase.jpg]
[ielts-up.com/speaking/ielts-speaking-vocabulary-4.html]
[ielts-up.com/speaking/ielts-speaking-vocabulary-5.html]
[ielts-up.com/speaking/ielts-speaking-vocabulary-6.html]
[ielts-up.com/images/thermometer.png]
[ielts-up.com/speaking/ielts-speaking-vocabulary-weather.html]
[ielts-up.com/speaking/ielts-speaking-vocabulary-environment.html]
[ielts-up.com/speaking/vocabulary-music.html]
[ielts-up.com/speaking/vocabulary-books-films.html]
[ielts-up.com/speaking/vocabulary-health.html]
[ielts-up.com/listening/5.1.mp3]
[ielts-up.com/images/arrow-right.png]
[ielts-up.com/images/cross.png]
[ielts-up.com/images/ok.png]
[ielts-up.com/listening/ielts-listening-sample-5.1.html]
[ielts-up.com/listening/5.2.mp3]
[ielts-up.com/images/arrow-left.png]
[ielts-up.com/listening/ielts-listening-sample-5.2.html]
[ielts-up.com/listening/5.3.mp3]
[ielts-up.com/listening/ielts-listening-sample-5.3.html]
[ielts-up.com/listening/5.4.mp3]
[ielts-up.com/listening/ielts-listening-sample-5.4.html]
[ielts-up.com/listening/l1.mp3]
[ielts-up.com/listening/ielts-listening-sample-6.1.html]
[ielts-up.com/listening/l2.mp3]
[ielts-up.com/listening/ielts-listening-sample-6.2.html]
[ielts-up.com/listening/l3.mp3]
[ielts-up.com/listening/ielts-listening-sample-6.3.html]
[ielts-up.com/listening/l4.mp3]
[ielts-up.com/listening/ielts-listening-sample-6.4.html]
[ielts-up.com/listening/7.1.mp3]
[ielts-up.com/listening/ielts-listening-sample-7.1.html]
[ielts-up.com/listening/7.2.mp3]
[ielts-up.com/images/l72-1.png]
[ielts-up.com/images/industry.png]
[ielts-up.com/images/l72-4.png]
[ielts-up.com/images/stables.jpg]
[ielts-up.com/images/l72-3.png]
[ielts-up.com/images/office.jpg]
[ielts-up.com/images/l72-2.png]
[ielts-up.com/images/road.png]
[ielts-up.com/listening/ielts-listening-sample-7.2.html]
[ielts-up.com/listening/7.3.mp3]
[ielts-up.com/images/l73.png]
[ielts-up.com/listening/ielts-listening-sample-7.3.html]
[ielts-up.com/listening/7.4.mp3]
[ielts-up.com/listening/ielts-listening-sample-7.4.html]
[ielts-up.com/listening/8.1.mp3]
[ielts-up.com/listening/ielts-listening-sample-8.1.html]
[ielts-up.com/listening/8.2.mp3]
[ielts-up.com/listening/ielts-listening-sample-8.2.html]
[ielts-up.com/listening/8.3.mp3]
[ielts-up.com/images/l83.png]
[ielts-up.com/images/l83-1.png]
[ielts-up.com/images/l83-2.png]
[ielts-up.com/images/l83-3.png]
[ielts-up.com/listening/ielts-listening-sample-8.3.html]
[ielts-up.com/listening/8.4.mp3]
[ielts-up.com/listening/ielts-listening-sample-8.4.html]
[ielts-up.com/listening/9.1.mp3]
[ielts-up.com/listening/ielts-listening-sample-9.1.html]
[ielts-up.com/listening/9.2.mp3]
[ielts-up.com/images/9.2.png]
[ielts-up.com/listening/ielts-listening-sample-9.2.html]
[ielts-up.com/listening/9.3.mp3]
[ielts-up.com/listening/ielts-listening-sample-9.3.html]
[ielts-up.com/listening/9.4.mp3]
[ielts-up.com/listening/ielts-listening-sample-9.4.html]
[ielts-up.com/listening/10.1.mp3]
[ielts-up.com/listening/ielts-listening-sample-10.1.html]
[ielts-up.com/listening/10.2.mp3]
[ielts-up.com/listening/ielts-listening-sample-10.2.html]
[ielts-up.com/listening/10.3.mp3]
[ielts-up.com/listening/ielts-listening-sample-10.3.html]
[ielts-up.com/listening/10.4.mp3]
[ielts-up.com/listening/ielts-listening-sample-10.4.html]
[ielts-up.com/listening/11.1new.mp3]
[ielts-up.com/listening/ielts-listening-sample-11.1.html]
[ielts-up.com/listening/11.2.mp3]
[ielts-up.com/listening/ielts-listening-sample-11.2.html]
[ielts-up.com/listening/11.3.mp3]
[ielts-up.com/listening/ielts-listening-sample-11.3.html]
[ielts-up.com/listening/11.4.mp3]
[ielts-up.com/listening/ielts-listening-sample-11.4.html]
[ielts-up.com/listening/12.1.mp3]
[ielts-up.com/listening/ielts-listening-sample-12.1.html]
[ielts-up.com/listening/12.2.mp3]
[ielts-up.com/listening/ielts-listening-sample-12.2.html]
[ielts-up.com/listening/12.3.mp3]
[ielts-up.com/listening/ielts-listening-sample-12.3.html]
[ielts-up.com/listening/12.4.mp3]
[ielts-up.com/listening/ielts-listening-sample-12.4.html]
[ielts-up.com/listening/13.1.mp3]
[ielts-up.com/listening/ielts-listening-sample-13.1.html]
[ielts-up.com/listening/13.2.mp3]
[ielts-up.com/listening/ielts-listening-sample-13.2.html]
[ielts-up.com/listening/13.3.mp3]
[ielts-up.com/listening/ielts-listening-sample-13.3.html]
[ielts-up.com/listening/13.4.mp3]
[ielts-up.com/listening/ielts-listening-sample-13.4.html]
[ielts-up.com/listening/14.1.mp3]
[ielts-up.com/listening/ielts-listening-sample-14.1.html]
[ielts-up.com/listening/14.2.mp3]
[ielts-up.com/images/listening14.2.png]
[ielts-up.com/listening/ielts-listening-sample-14.2.html]
[ielts-up.com/listening/14.3.mp3]
[ielts-up.com/listening/ielts-listening-sample-14.3.html]
[ielts-up.com/listening/14.4.mp3]
[ielts-up.com/listening/ielts-listening-sample-14.4.html]
[ielts-up.com/reading/academic-reading-sample-1.1.html]
[ielts-up.com/reading/academic-reading-sample-1.2.html]
[ielts-up.com/reading/academic-reading-sample-1.3.html]
[ielts-up.com/reading/academic-reading-sample-2.1.html]
[ielts-up.com/reading/academic-reading-sample-2.2.html]
[ielts-up.com/reading/academic-reading-sample-2.3.html]
[ielts-up.com/reading/academic-reading-sample-3.1.html]
[ielts-up.com/reading/academic-reading-sample-3.2.html]
[ielts-up.com/reading/academic-reading-sample-3.3.html]
[ielts-up.com/reading/academic-reading-sample-4.1.html]
[ielts-up.com/reading/academic-reading-sample-4.2.html]
[ielts-up.com/reading/academic-reading-sample-4.3.html]
[ielts-up.com/reading/academic-reading-sample-5.1.html]
[ielts-up.com/reading/academic-reading-sample-5.2.html]
[ielts-up.com/reading/academic-reading-sample-5.3.html]
[ielts-up.com/reading/academic-reading-sample-6.1.html]
[ielts-up.com/reading/academic-reading-sample-6.2.html]
[ielts-up.com/reading/academic-reading-sample-6.3.html]
[ielts-up.com/reading/academic-reading-sample-7.1.html]
[ielts-up.com/reading/academic-reading-sample-7.2.html]
[ielts-up.com/reading/academic-reading-sample-7.3.html]
[ielts-up.com/reading/academic-reading-sample-8.1.html]
[ielts-up.com/reading/academic-reading-sample-8.2.html]
[ielts-up.com/reading/academic-reading-sample-8.3.html]
[ielts-up.com/reading/academic-reading-sample-9.1.html]
[ielts-up.com/reading/academic-reading-sample-9.2.html]
[ielts-up.com/images/cell.png]
[ielts-up.com/reading/academic-reading-sample-9.3.html]
[ielts-up.com/reading/academic-reading-sample-10.1.html]
[ielts-up.com/reading/academic-reading-sample-10.2.html]
[ielts-up.com/reading/academic-reading-sample-10.3.html]
[ielts-up.com/reading/academic-reading-sample-11.1.html]
[ielts-up.com/reading/academic-reading-sample-11.2.html]
[ielts-up.com/reading/academic-reading-sample-11.3.html]
[ielts-up.com/reading/general-reading-sample-1.1.html]
[ielts-up.com/reading/general-reading-sample-1.2.html]
[ielts-up.com/reading/general-reading-sample-1.3.html]
[ielts-up.com/reading/general-reading-sample-2.1.html]
[ielts-up.com/reading/general-reading-sample-2.2.html]
[ielts-up.com/reading/general-reading-sample-2.3.html]
[ielts-up.com/images/ac1.png]
[ielts-up.com/writing/academic-writing-sample-1.html]
[ielts-up.com/images/ac2.png]
[ielts-up.com/writing/academic-writing-sample-2.html]
[ielts-up.com/images/my-opinion.jpg]
[ielts-up.com/images/arguments.jpg]
[ielts-up.com/writing/ielts-essay-sample-1.html]
[ielts-up.com/writing/general-writing-sample-1.html]
[ielts-up.com/writing/general-writing-sample-2.html]
[ielts-up.com/speaking/ielts-speaking-sample-1.html]
[ielts-up.com/speaking/ielts-speaking-sample-2.html]
[ielts-up.com/speaking/ielts-speaking-sample-3.html]
[ielts-up.com/speaking/ielts-speaking-sample-4.html]
[ielts-up.com/speaking/ielts-speaking-sample-5.html]
[ielts-up.com/speaking/ielts-speaking-sample-6.html]
[ielts-up.com/speaking/ielts-speaking-sample-weather.html]
[ielts-up.com/speaking/ielts-speaking-sample-environment.html]
[ielts-up.com/speaking/sample-music.html]
[ielts-up.com/speaking/sample-books-films.html]
[ielts-up.com/speaking/sample-health.html]
[ajax.googleapis.com/ajax/libs/jquery/1.11.3/jquery.min.js]
[ielts-up.com/php/getday03d2.html]
[ielts-up.com/ielts-speaking-by-skype.html]
[ielts-up.com/images/name.html]
[ielts-up.com/images/email.html]
[ielts-up.com/images/msg.html]
[ielts-up.com/listening/ielts-listening-sample-1.1.html]
[ielts-up.com/listening/ielts-listening-sample-1.2.html]
[ielts-up.com/listening/ielts-listening-sample-1.3.html]
[ielts-up.com/listening/ielts-listening-sample-1.4.html]
[ielts-up.com/reading/multiple-choice-lesson.html]
[ielts-up.com/reading/true-false-not-given-lesson.html]
[ielts-up.com/reading/short-answer-questions-lesson.html]
[ielts-up.com/reading/sentence-completion-lesson.html]
[ielts-up.com/images/diagram-leaf.png]
[ielts-up.com/reading/diagram-completion-lesson.html]
[ielts-up.com/images/classification.png]
[ielts-up.com/reading/classification-questions-lesson.html]
[ielts-up.com/reading/matching-paragraphs-lesson.html]
[ielts-up.com/images/skimming.png]
[ielts-up.com/images/scanning.png]
[ielts-up.com/reading/skimming-scanning.html]
[ielts-up.com/writing/ielts-writing-marking.html]
[ielts-up.com/images/ac3.png]
[ielts-up.com/writing/academic-writing-sample-3.html]
[ielts-up.com/images/ac4.png]
[ielts-up.com/writing/academic-writing-sample-4.html]
[ielts-up.com/images/body-task1.png]
[ielts-up.com/images/lesson2t11.png]
[ielts-up.com/writing/task-1-answer.html]
[ielts-up.com/writing/ielts-essay-sample-2.html]
[ielts-up.com/writing/band-9-sample-death-penalty.html]
[ielts-up.com/images/idea.jpg]
[ielts-up.com/images/causes.png]
[ielts-up.com/images/solution.jpg]
[ielts-up.com/writing/causes-solutions-essay.html]
[ielts-up.com/images/obesity-causes.jpg]
[ielts-up.com/images/obesity-effects.jpg]
[ielts-up.com/writing/cause-effect-essay.html]
[ielts-up.com/images/agree-disagree.jpg]
[ielts-up.com/images/why.png]
[ielts-up.com/writing/agree-disagree-essay.html]
[ielts-up.com/images/problem-solution.jpg]
[ielts-up.com/writing/problem-solution-essay.html]
[ielts-up.com/writing/band-9-sample-immigration.html]
[ielts-up.com/ielts-speaking-trial.html]
[ielts-up.com/speaking/ielts-speaking-marking.html]
[ielts-up.com/listening/lesson11.mp3]
[ielts-up.com/images/hide.png]
[ielts-up.com/listening/lesson12.mp3]
[ielts-up.com/listening/lesson14.mp3]
[ielts-up.com/listening/lesson13.mp3]
[ielts-up.com/listening/lesson15.mp3]
[ielts-up.com/listening/lesson16.mp3]
[ielts-up.com/listening/lesson-attention-and-distraction.html]
[ielts-up.com/listening/lesson21.mp3]
[ielts-up.com/listening/lesson22.mp3]
[ielts-up.com/listening/lesson23.mp3]
[ielts-up.com/listening/lesson24.mp3]
[ielts-up.com/listening/lesson25.mp3]
[ielts-up.com/listening/lesson-training-attention.html]
[ielts-up.com/images/answer-choices.jpg]
[ielts-up.com/listening/lesson31.mp3]
[ielts-up.com/images/order-chaos.jpg]
[ielts-up.com/images/synonyms.png]
[ielts-up.com/listening/lesson33.mp3]
[ielts-up.com/listening/lesson34.mp3]
[ielts-up.com/listening/lesson35.mp3]
[ielts-up.com/listening/lesson36.mp3]
[ielts-up.com/listening/lesson37.mp3]
[ielts-up.com/listening/lesson-multiple-choice.html]
[ielts-up.com/listening/whales.mp3]
[ielts-up.com/listening/listening-exercise-1.html]
[ielts-up.com/listening/greece.mp3]
[ielts-up.com/listening/listening-exercise-2.html]
[ielts-up.com/listening/technology.mp3]
[ielts-up.com/listening/listening-exercise-3.html]
[ielts-up.com/listening/ex4.mp3]
[ielts-up.com/listening/listening-exercise-4.html]
[ielts-up.com/listening/ex5.mp3]
[ielts-up.com/listening/listening-exercise-5.html]
[ielts-up.com/listening/ex6.mp3]
[ielts-up.com/listening/listening-exercise-6.html]
[ielts-up.com/listening/hair.mp3]
[ielts-up.com/listening/short-answer-1.html]
[ielts-up.com/listening/water.mp3]
[ielts-up.com/listening/short-answer-2.html]
[ielts-up.com/listening/skyline.mp3]
[ielts-up.com/listening/short-answer-3.html]
[ielts-up.com/listening/multiple-choice-1.mp3]
[ielts-up.com/listening/multiple-choice.html]
[ielts-up.com/listening/multiple-choice-2.mp3]
[ielts-up.com/listening/multiple-choice-2.html]
[ielts-up.com/reading/true-false-not-given-1.html]
[ielts-up.com/reading/true-false-not-given-2.html]
[ielts-up.com/reading/true-false-not-given-3.html]
[ielts-up.com/reading/multiple-choice-1.html]
[ielts-up.com/reading/multiple-choice-2.html]
[ielts-up.com/reading/multiple-choice-3.html]
[ielts-up.com/reading/sentence-completion-1.html]
[ielts-up.com/reading/sentence-completion-2.html]
[ielts-up.com/reading/sentence-completion-3.html]
[ielts-up.com/reading/sentence-completion-4.html]
[ielts-up.com/reading/matching-headings-1.html]
[ielts-up.com/reading/matching-headings-2.html]
[ielts-up.com/reading/matching-headings-3.html]
[ielts-up.com/reading/short-answer-1.html]
[ielts-up.com/reading/short-answer-2.html]
[ielts-up.com/reading/classification-exercise.html]
[ielts-up.com/reading/classification-questions-practice.html]
[ielts-up.com/images/egg.gif]
[ielts-up.com/reading/diagram-completion-1.html]
[ielts-up.com/images/bicycle-scheme.png]
[ielts-up.com/reading/diagram-completion-practice.html]
[ielts-up.com/images/coal.png]
[ielts-up.com/reading/diagram-completion.html]
[ielts-up.com/reading/scanning-exercise.html]
[ielts-up.com/reading/scanning-exercise-2.html]
[ielts-up.com/images/minus.png]
[ielts-up.com/writing/grammar-lesson-1.html]
[ielts-up.com/images/countable-uncountable.png]
[ielts-up.com/writing/grammar-lesson-2.html]
[ielts-up.com/images/question.png]
[ielts-up.com/writing/grammar-lesson-3.html]
[ielts-up.com/writing/grammar-lesson-4.html]
[ielts-up.com/writing/grammar-lesson-5.html]
[ielts-up.com/writing/grammar-lesson-6.html]
[ielts-up.com/writing/grammar-lesson-7.html]
[ielts-up.com/writing/grammar-lesson-8.html]
[ielts-up.com/writing/grammar-lesson-and-but-or.html]
[ielts-up.com/images/prepositions-time-1.png]
[ielts-up.com/images/prepositions-location.png]
[ielts-up.com/images/prepositions-place.png]
[ielts-up.com/writing/grammar-lesson-prepositions.html]
[ielts-up.com/writing/grammar-lesson-prepositions-2.html]
[ielts-up.com/writing/grammar-lesson-modal-verbs.html]
[ielts-up.com/writing/grammar-lesson-gerund-infinitive.html]
[ielts-up.com/writing/grammar-lesson-gerund-infinitive-changes-meaning.html]
[ielts-up.com/writing/grammar-lesson-passive-voice.html]
[ielts-up.com/writing/ielts-writing-exercise-1.html]
[ielts-up.com/writing/ielts-writing-exercise-2.html]
[ielts-up.com/writing/ielts-writing-exercise-3.html]
[ielts-up.com/writing/ielts-writing-exercise-4.html]
[ielts-up.com/writing/ielts-writing-exercise-5.html]
[ielts-up.com/writing/ielts-writing-exercise-6.html]
[ielts-up.com/writing/ielts-writing-exercise-7.html]
[ielts-up.com/writing/ielts-writing-exercise-8.html]
[ielts-up.com/writing/ielts-writing-exercise-9.html]
[ielts-up.com/images/task1lesson.png]
[ielts-up.com/images/t1ex1.png]
[ielts-up.com/writing/academic-task-1-lesson-introduction.html]
[ielts-up.com/images/bar-chart-lesson.png]
[ielts-up.com/images/bar-chart-lesson-1.png]
[ielts-up.com/writing/bar-chart.html]
[ielts-up.com/images/process-diagram.png]
[ielts-up.com/writing/task-1-diagram.html]
[ielts-up.com/images/pie-chart-lesson.png]
[ielts-up.com/images/pie-chart-help.png]
[ielts-up.com/writing/pie-chart.html]
[ielts-up.com/images/extent-agree-disagree.png]
[ielts-up.com/writing/to-what-extent-agree-disagree-essay.html]
[ielts-up.com/images/advantages-disadvantages.jpg]
[ielts-up.com/writing/advantages-disadvantages-essay.html]
[ielts-up.com/images/opinion.jpg]
[ielts-up.com/images/peers.jpg]
[ielts-up.com/images/parents.jpg]
[ielts-up.com/writing/discuss-both-views-essay.html]
[ielts-up.com/images/example.jpg]
[ielts-up.com/images/factory.jpg]
[ielts-up.com/images/windmill.jpg]
[ielts-up.com/writing/give_opinion_support_with_examples_ielts_task_2.html]
[ielts-up.com/images/ielts-email.png]
[ielts-up.com/images/queue1.png]
[ielts-up.com/images/queue2.png]
[ielts-up.com/images/interview.png]
[ielts-up.com/speaking/lesson-structure-procedure.html]
[ielts-up.com/speaking/audio_for_lessons/1.wav]
[ielts-up.com/speaking/audio_for_lessons/4.m4a]
[ielts-up.com/speaking/audio_for_lessons/3.m4a]
[ielts-up.com/speaking/lesson-part-1.html]
[ielts-up.com/speaking/audio_for_lessons/5.wav]
[ielts-up.com/speaking/audio_for_lessons/6.wav]
[ielts-up.com/speaking/audio_for_lessons/7.wav]
[ielts-up.com/speaking/audio_for_lessons/8.wav]
[ielts-up.com/speaking/lesson-relevant-answer.html]
[ielts-up.com/speaking/purpose-structure.html]
[ielts-up.com/speaking/grading-criteria-exercise.html]
[ielts-up.com/speaking/audio_for_lessons/rec16.wav]
[ielts-up.com/speaking/audio_for_lessons/rec9.wav]
[ielts-up.com/speaking/audio_for_lessons/rec10.wav]
[ielts-up.com/speaking/audio_for_lessons/rec11.wav]
[ielts-up.com/speaking/audio_for_lessons/rec12.wav]
[ielts-up.com/speaking/audio_for_lessons/rec13.wav]
[ielts-up.com/speaking/audio_for_lessons/rec14.wav]
[ielts-up.com/speaking/audio_for_lessons/rec15.wav]
[ielts-up.com/speaking/relevant-answer.html]
[ielts-up.com/writing/task-2-art-questions.html]
[ielts-up.com/writing/task-2-education-questions.html]
[ielts-up.com/writing/task-2-environment-questions.html]
[ielts-up.com/writing/task-2-friends-family-questions.html]
[ielts-up.com/writing/task-2-government-society-questions.html]
[ielts-up.com/writing/task-2-health-questions.html]
[ielts-up.com/writing/task-2-jobs-employment-questions.html]
[ielts-up.com/writing/band-9-sample-relationships.html]
[ielts-up.com/writing/task-2-relationship-questions.html]
[ielts-up.com/writing/task-2-science-technology-questions.html]
[ielts-up.com/writing/task-2-sport-questions.html]
[ielts-up.com/writing/task-2-travel-tourism-questions.html]
[ielts-up.com/writing/task-2-television-media-questions.html]
[ielts-up.com/listening/13.4.mp3]
[ielts-up.com/listening/14.1.mp3]
[ielts-up.com/listening/14.2.mp3]
[ielts-up.com/listening/14.3.mp3]
[ielts-up.com/listening/14.4.mp3]
[ielts-up.com/images/r11.1-image.html]
[ielts-up.com/GET.html]
[ielts-up.com/php/getday03d2.html]
[ielts-up.com/ielts-tips.html]
[ielts-up.com/ielts-vocabulary.html]
[ielts-up.com/ielts-speaking-trial.html]
[ielts-up.com/listening/whales.mp3]
[ielts-up.com/listening/multiple-choice-1.mp3]
[ielts-up.com/speaking/audio_for_lessons/5.wav]
[ielts-up.com/images/shy-at-work.jpg]
[ielts-up.com/images/relationship-at-work.png]
[ielts-up.com/writing/band-9-sample-relationships.html]
[ielts-up.com/listening/14.2.mp3]
[ielts-up.com/ielts-tips.html]
[ielts-up.com/ielts-vocabulary.html]
[ielts-up.com/q1.html]
